[aakarist.com/index9d95.html]
[backblue.gif]
[fade.gif]
[index.html]
[aakarist.com/assets/images/aakarist-favicon.png]
[aakarist.com/assets/images/aakarist-new-logo.png]
[aakarist.com/assets/images/aakarist-new-logo.jpg]
[chimpstatic.com/mcjs-connected/js/users/8c935184493ccabe6015f6056/a4f72e3f72072045a9c5f13e8.js]
[connect.facebook.net/en_US/fbevents.js]
[pagead2.googlesyndication.com/pagead/js/f08fa.txt]
[aakarist.com/index.html]
[aakarist.com/about.html]
[aakarist.com/services.html]
[aakarist.com/software-app-development-services.html]
[aakarist.com/e-commerce-development-services.html]
[aakarist.com/website-designing-services.html]
[aakarist.com/ui-ux-designing-services.html]
[aakarist.com/graphic-designing-services.html]
[aakarist.com/digital-marketing-services.html]
[aakarist.com/seo-services.html]
[aakarist.com/social-media-marketing-services.html]
[aakarist.com/projects.html]
[aakarist.com/blogs.html]
[aakarist.com/contact.html]
[aakarist.com/assets/images/aakarist-new-logo-sidebar.png]
[aakarist.com/assets/images/main-banner/banner-one/tag-icon.png]
[aakarist.com/assets/images/main-banner/banner-one/img1.png]
[aakarist.com/assets/images/main-banner/banner-one/img2.png]
[aakarist.com/assets/images/main-banner/banner-one/img3.png]
[aakarist.com/assets/images/main-banner/banner-one/img4.png]
[aakarist.com/assets/images/main-banner/banner-one/img5.png]
[aakarist.com/assets/images/main-banner/banner-one/img6.png]
[aakarist.com/assets/images/main-banner/banner-one/img7.png]
[aakarist.com/assets/images/main-banner/banner-one/img8.png]
[aakarist.com/assets/images/main-banner/banner-one/img9.png]
[aakarist.com/assets/images/main-banner/banner-one/img10.png]
[aakarist.com/assets/images/main-banner/banner-one/img11.png]
[aakarist.com/assets/images/main-banner/banner-one/img12.png]
[aakarist.com/assets/images/main-banner/banner-one/img13.png]
[aakarist.com/assets/images/main-banner/banner-one/img14.png]
[aakarist.com/assets/images/main-banner/banner-one/img15.png]
[aakarist.com/assets/images/main-banner/banner-one/main-pic.png]
[aakarist.com/assets/images/main-banner/banner-one/shape-1.png]
[aakarist.com/assets/images/main-banner/banner-one/shape-2.png]
[aakarist.com/assets/images/main-banner/banner-one/shape-3.png]
[aakarist.com/assets/images/main-banner/banner-one/shape-4.png]
[aakarist.com/assets/images/partner/partner-1.png]
[aakarist.com/assets/images/partner/partner-2.png]
[aakarist.com/assets/images/partner/partner-3.png]
[aakarist.com/assets/images/partner/partner-4.png]
[aakarist.com/assets/images/partner/partner-5.png]
[aakarist.com/assets/images/partner/partner-6.png]
[aakarist.com/assets/images/partner/partner-7.png]
[aakarist.com/assets/images/partner/partner-8.png]
[aakarist.com/assets/images/partner/shape-1.png]
[aakarist.com/assets/images/partner/shape-2.png]
[aakarist.com/assets/images/features/features-1.png]
[aakarist.com/assets/images/features/features-2.png]
[aakarist.com/assets/images/features/features-3.png]
[aakarist.com/assets/images/features/shape-1.png]
[aakarist.com/assets/images/features/shape-2.png]
[aakarist.com/assets/images/features/shape-3.png]
[aakarist.com/assets/images/features/shape-4.png]
[aakarist.com/assets/images/services/shape-1.png]
[aakarist.com/assets/images/services/shape-2.png]
[aakarist.com/assets/images/services/shape-3.png]
[aakarist.com/assets/images/services/shape-4.png]
[aakarist.com/assets/images/support/tag-icon.png]
[aakarist.com/assets/images/support/shape-1.png]
[aakarist.com/assets/images/support/shape-2.png]
[aakarist.com/assets/images/support/shape-3.png]
[aakarist.com/assets/images/support/shape-4.png]
[aakarist.com/assets/images/support/shape-5.png]
[aakarist.com/assets/images/support/shape-6.png]
[aakarist.com/sell-it.html]
[aakarist.com/assets/images/projects/sellit-project.jpg]
[aakarist.com/haryana-rubber-udyog.html]
[aakarist.com/assets/images/projects/hru-project.jpg]
[aakarist.com/sai-fincorp.html]
[aakarist.com/assets/images/projects/saifin-project.jpg]
[aakarist.com/keyrooms.html]
[aakarist.com/assets/images/projects/keyrooms-project.jpg]
[aakarist.com/assets/images/cases-study/shape-1.png]
[aakarist.com/assets/images/cases-study/shape-2.png]
[aakarist.com/assets/images/cases-study/shape-3.png]
[aakarist.com/assets/images/cases-study/shape-4.png]
[aakarist.com/assets/images/cases-study/shape-5.png]
[aakarist.com/assets/images/overview/bar.png]
[aakarist.com/assets/images/overview/shape-1.png]
[aakarist.com/assets/images/overview/shape-2.png]
[aakarist.com/assets/images/overview/shape-3.png]
[aakarist.com/assets/images/overview/shape-4.png]
[aakarist.com/assets/images/overview/shape-5.png]
[aakarist.com/assets/images/footer/shape-1.png]
[aakarist.com/assets/images/footer/shape-2.png]
[aakarist.com/assets/images/footer/shape-3.png]
[aakarist.com/assets/images/footer/shape-4.png]
[aakarist.com/assets/images/footer/shape-5.png]
[wati-integration-service.clare.ai/ShopifyWidget/shopifyWidget7773.js]
[aakarist.com/cdn-cgi/scripts/5c5dd728/cloudflare-static/email-decode.min.6a.delayed]
[aakarist.com/assets/js/jquery.min.js]
[aakarist.com/assets/js/bootstrap.bundle.min.js]
[aakarist.com/assets/js/jquery.meanmenu.js]
[aakarist.com/assets/js/owl.carousel.min.js]
[aakarist.com/assets/js/jquery.appear.js]
[aakarist.com/assets/js/odometer.min.js]
[aakarist.com/assets/js/nice-select.min.js]
[aakarist.com/assets/js/jquery.magnific-popup.min.js]
[aakarist.com/assets/js/fancybox.min.js]
[aakarist.com/assets/js/TweenMax.min.js]
[aakarist.com/assets/js/scrollbar.min.js]
[aakarist.com/assets/js/horizontal-scrollbar.min.js]
[aakarist.com/assets/js/jquery.ajaxchimp.min.js]
[aakarist.com/assets/js/form-validator.min.js]
[aakarist.com/assets/js/contact-form-script.js]
[aakarist.com/assets/js/wow.min.js]
[aakarist.com/assets/js/main.js]
[aakarist.com/index9d95.html]
[aakarist.com/assets/css/bootstrap.min.css]
[aakarist.com/assets/css/animate.min.css]
[aakarist.com/assets/css/meanmenu.css]
[aakarist.com/assets/fonts/remixicondf6ddf6d.eot]
[aakarist.com/assets/fonts/remixicondf6ddf6d.woff2]
[aakarist.com/assets/fonts/remixicondf6ddf6d.woff]
[aakarist.com/assets/fonts/remixicondf6ddf6d.ttf]
[aakarist.com/assets/fonts/remixicondf6ddf6d.html]
[aakarist.com/assets/css/remixicon.css]
[aakarist.com/assets/css/odometer.min.css]
[aakarist.com/assets/css/nice-select.min.css]
[aakarist.com/assets/css/owl.video.82.delayed]
[aakarist.com/assets/css/owl.carousel.min.css]
[aakarist.com/assets/css/owl.theme.default.min.css]
[aakarist.com/assets/css/magnific-popup.min.css]
[aakarist.com/assets/css/fancybox.min.css]
[aakarist.com/assets/images/support/home-support-bg.jpg]
[aakarist.com/assets/images/blog/blog-4.jpg]
[aakarist.com/assets/images/blog/blog-5.jpg]
[aakarist.com/assets/images/blog/blog-6.jpg]
[aakarist.com/assets/images/blog/blog-7.jpg]
[aakarist.com/assets/images/courses/courses-1.jpg]
[aakarist.com/assets/images/courses/courses-2.jpg]
[aakarist.com/assets/images/courses/courses-3.jpg]
[aakarist.com/assets/images/coming-soon-bg.jpg]
[aakarist.com/assets/css/style.css]
[aakarist.com/assets/css/responsive.css]
[aakarist.com/index.html]
[aakarist.com/c.8c.delayed]
[aakarist.com/b.8d.delayed]
[aakarist.com/POST.8e.delayed]
[connect.facebook.net/en_US/fbevents.js]
[aakarist.com/assets/images/page-banner/shape-1.png]
[aakarist.com/assets/images/page-banner/shape-2.png]
[aakarist.com/assets/images/page-banner/shape-3.png]
[aakarist.com/assets/images/page-banner/shape-4.png]
[aakarist.com/assets/images/about/about.png]
[aakarist.com/assets/images/about/tag-icon.png]
[aakarist.com/assets/images/about/img1.png]
[aakarist.com/assets/images/about/img2.png]
[aakarist.com/assets/images/about/img3.png]
[aakarist.com/assets/images/about/shape-1.png]
[aakarist.com/assets/images/about/shape-2.png]
[aakarist.com/assets/images/about/shape-3.png]
[aakarist.com/assets/images/about/shape-4.png]
[aakarist.com/assets/images/about/shape-5.png]
[aakarist.com/assets/images/team/arun-snap.png]
[aakarist.com/assets/images/team/vicky-snap.png]
[aakarist.com/assets/images/team/vishal-snap.png]
[aakarist.com/assets/images/team/monu-snap.png]
[aakarist.com/assets/images/faq/faq-1.png]
[aakarist.com/about.html]
[aakarist.com/assets/images/technology/tag-icon.html]
[aakarist.com/services.html]
[aakarist.com/software-app-development-services.html]
[aakarist.com/e-commerce-development-services.html]
[aakarist.com/website-designing-services.html]
[aakarist.com/ui-ux-designing-services.html]
[aakarist.com/graphic-designing-services.html]
[aakarist.com/digital-marketing-services.html]
[aakarist.com/seo-services.html]
[aakarist.com/social-media-marketing-services.html]
[aakarist.com/projects.html]
[aakarist.com/blogs.html]
[aakarist.com/contact.html]
[aakarist.com/sell-it.html]
[aakarist.com/haryana-rubber-udyog.html]
[aakarist.com/sai-fincorp.html]
[aakarist.com/keyrooms.html]
[aakarist.com/cdn-cgi/scripts/5c5dd728/cloudflare-static/email-decode.min.html]
[aakarist.com/assets/fonts/remixicondf6ddf6d.html]
[aakarist.com/assets/css/owl.video.html]
[aakarist.com/c.html]
[aakarist.com/b.html]
[aakarist.com/POST.html]
